<?php

namespace App\Tests;

use App\SubjectUnderTest;

class SubjectTest
{
    /** @var array */
    private $data;
    /** @var SubjectUnderTest */
    private $subject;

    public function setUp()
    {
        parent::setUp();
        $this->data = [];

        $this->subject = new SubjectUnderTest($this->data);
    }
}