<?php

namespace App\Tests;

use App\SubjectUnderTest;
use App\TestCase;

class SubjectTest extends TestCase
{
    /** @var string */
    private $dataQuickMocked;
    /** @var SubjectUnderTest */
    private $subject;

    public function setUp()
    {
        parent::setUp();
        $this->dataQuickMocked = '';

        $this->subject = new SubjectUnderTest($this->dataQuickMocked);
    }
}